1747835648106	geckodriver	INFO	Listening on 127.0.0.1:49131
1747835648122	mozrunner::runner	INFO	Running command: MOZ_CRASHREPORTER="1" MOZ_CRASHREPORTER_NO_REPORT="1" MOZ_CRASHREPORTER_SHUTDOWN="1" "/usr/bin/firefox" "--m ... te" "--remote-debugging-port" "34663" "--remote-allow-hosts" "localhost" "-no-remote" "-profile" "/tmp/rust_mozprofileYfHomF"
[70862] Sandbox: CanCreateUserNamespace() unshare(CLONE_NEWPID): EPERM
console.warn: services.settings: Ignoring preference override of remote settings server
console.warn: services.settings: Allow by setting MOZ_REMOTE_SETTINGS_DEVTOOLS=1 in the environment
1747835648603	Marionette	INFO	Marionette enabled
1747835648749	Marionette	INFO	Listening on port 43951
WebDriver BiDi listening on ws://127.0.0.1:34663
Read port: 43951
1747835648866	RemoteAgent	WARN	TLS certificate errors will be ignored for this session
console.error: [Exception... "Component returned failure code: 0x80004001 (NS_ERROR_NOT_IMPLEMENTED) [nsIAppStartup.secondsSinceLastOSRestart]"  nsresult: "0x80004001 (NS_ERROR_NOT_IMPLEMENTED)"  location: "JS frame :: resource:///modules/BrowserGlue.sys.mjs :: _collectStartupConditionsTelemetry :: line 1871"  data: no]
console.warn: LoginRecipes: "Falling back to a synchronous message for: https://www.patreon.com."
JavaScript warning: https://cdn.siftscience.com/s.js, line 26: WEBGL_debug_renderer_info is deprecated in Firefox and will be removed. Please use RENDERER.
console.warn: LoginRecipes: "Falling back to a synchronous message for: https://www.patreon.com."
console.warn: LoginRecipes: "Falling back to a synchronous message for: https://www.patreon.com."
console.warn: LoginRecipes: "Falling back to a synchronous message for: https://www.patreon.com."
JavaScript warning: https://cdn.siftscience.com/s.js, line 26: WEBGL_debug_renderer_info is deprecated in Firefox and will be removed. Please use RENDERER.
JavaScript warning: https://cdn.siftscience.com/s.js, line 26: WEBGL_debug_renderer_info is deprecated in Firefox and will be removed. Please use RENDERER.
libva info: VA-API version 1.20.0
libva info: Trying to open /usr/lib/x86_64-linux-gnu/dri/iHD_drv_video.so
libva info: Found init function __vaDriverInit_1_20
libva info: va_openDriver() returns 0
[Parent 70859, Main Thread] WARNING: g_type_add_interface_static: assertion 'g_type_parent (interface_type) == G_TYPE_INTERFACE' failed: 'glib warning', file /build/firefox-SoJJmF/firefox-138.0.4+build1/toolkit/xre/nsSigHandlers.cpp:201

(firefox:70859): GLib-GObject-CRITICAL **: 15:54:29.522: g_type_add_interface_static: assertion 'g_type_parent (interface_type) == G_TYPE_INTERFACE' failed
[Parent 70859, Main Thread] WARNING: g_type_add_interface_static: assertion 'g_type_parent (interface_type) == G_TYPE_INTERFACE' failed: 'glib warning', file /build/firefox-SoJJmF/firefox-138.0.4+build1/toolkit/xre/nsSigHandlers.cpp:201

(firefox:70859): GLib-GObject-CRITICAL **: 15:54:29.522: g_type_add_interface_static: assertion 'g_type_parent (interface_type) == G_TYPE_INTERFACE' failed
[Parent 70859, Main Thread] WARNING: g_type_add_interface_static: assertion 'g_type_parent (interface_type) == G_TYPE_INTERFACE' failed: 'glib warning', file /build/firefox-SoJJmF/firefox-138.0.4+build1/toolkit/xre/nsSigHandlers.cpp:201

(firefox:70859): GLib-GObject-CRITICAL **: 15:54:29.522: g_type_add_interface_static: assertion 'g_type_parent (interface_type) == G_TYPE_INTERFACE' failed
JavaScript warning: https://c13.patreon.com/6fa6bf5ba8b67c9059635c6145fc7c6fb8cc5062/_next/static/chunks/pages/_app-78cd10894cdc963a.js, line 20: Script terminated by timeout at:
n@https://c13.patreon.com/6fa6bf5ba8b67c9059635c6145fc7c6fb8cc5062/_next/static/chunks/pages/_app-78cd10894cdc963a.js:20:4153

[Parent 70859, Main Thread] WARNING: Error releasing name org.mozilla.firefox.L3RtcC9ydXN0X21venByb2ZpbGVZZkhvbUY_: GDBus.Error:org.freedesktop.DBus.Error.AccessDenied: An AppArmor policy prevents this sender from sending this message to this recipient; type="method_call", sender=":1.713" (uid=1000 pid=70859 comm="/usr/lib/firefox/firefox --marionette --remote-deb" label="firefox (enforce)") interface="org.freedesktop.DBus" member="ReleaseName" error name="(unset)" requested_reply="0" destination="org.freedesktop.DBus" (bus): 'glib warning', file /build/firefox-SoJJmF/firefox-138.0.4+build1/toolkit/xre/nsSigHandlers.cpp:201

(firefox:70859): GLib-GIO-WARNING **: 15:54:40.816: Error releasing name org.mozilla.firefox.L3RtcC9ydXN0X21venByb2ZpbGVZZkhvbUY_: GDBus.Error:org.freedesktop.DBus.Error.AccessDenied: An AppArmor policy prevents this sender from sending this message to this recipient; type="method_call", sender=":1.713" (uid=1000 pid=70859 comm="/usr/lib/firefox/firefox --marionette --remote-deb" label="firefox (enforce)") interface="org.freedesktop.DBus" member="ReleaseName" error name="(unset)" requested_reply="0" destination="org.freedesktop.DBus" (bus)
1747835680817	Marionette	INFO	Stopped listening on port 43951
